$ python3 test.py 
MoviePy - Writing audio in Cloudbusting.mp3
MoviePy - Done.